###############################################################################
#
# IAR ELF Linker V8.50.9.278/W32 for ARM                  10/Mar/2021  21:44:22
# Copyright 2007-2020 IAR Systems AB.
#
#    Output file  =
#        C:\Sis_embarcados\Projects\fsm_event\Debug\Exe\fsm_event.out
#    Map file     =
#        C:\Sis_embarcados\Projects\fsm_event\Debug\List\fsm_event.map
#    Command line =
#        -f C:\Users\vinic\AppData\Local\Temp\EW4B04.tmp
#        (C:\Sis_embarcados\Projects\fsm_event\Debug\Obj\driverleds.o
#        C:\Sis_embarcados\TivaWare_C_Series-2.1.4.178\driverlib\ewarm\Exe\driverlib.a
#        C:\Sis_embarcados\Projects\fsm_event\Debug\Obj\fsm_event.o
#        C:\Sis_embarcados\Projects\fsm_event\Debug\Obj\startup_TM4C1294.o
#        C:\Sis_embarcados\Projects\fsm_event\Debug\Obj\system_TM4C1294_TW.o
#        --no_out_extension -o
#        C:\Sis_embarcados\Projects\fsm_event\Debug\Exe\fsm_event.out
#        --redirect _Printf=_PrintfFullNoMb --redirect _Scanf=_ScanfFullNoMb
#        --map C:\Sis_embarcados\Projects\fsm_event\Debug\List\fsm_event.map
#        --config "C:\Program Files (x86)\IAR Systems\Embedded Workbench
#        8.4\arm\config\linker\TexasInstruments\TM4C1294NC.icf" --semihosting
#        --entry __iar_program_start --vfe --text_out locale)
#
###############################################################################

*******************************************************************************
*** MESSAGES
***

Warning[Lt009]: Inconsistent wchar_t size
            gpio.o(driverlib.a) and 4 other objects in driverlib.a have wchar_t
                      size 16 bits
            driverleds.o and 15 other objects, some of them in dl7M_tln.a and
                      11 other libraries have wchar_t size 32 bits


*******************************************************************************
*** RUNTIME MODEL ATTRIBUTES
***

CppFlavor       = *
__SystemLibrary = DLib
__dlib_version  = 6


*******************************************************************************
*** HEAP SELECTION
***

The basic heap was selected because some modules are built with
size limitations (and not runtime checking), and --advanced_heap
was not specified.


*******************************************************************************
*** PLACEMENT SUMMARY
***

"A0":  place at address 0x0 { ro section .intvec };
"P1":  place in [from 0x0 to 0xf'ffff] { ro };
define block CSTACK with size = 32K, alignment = 8 { };
define block HEAP with size = 64K, alignment = 8 { };
"P2":  place in [from 0x2000'0000 to 0x2003'ffff] {
          rw, block CSTACK, block HEAP };

  Section          Kind         Address    Size  Object
  -------          ----         -------    ----  ------
"A0":                                     0x3c0
  .intvec          ro code          0x0   0x3c0  startup_TM4C1294.o [1]
                                - 0x3c0   0x3c0

"P1":                                     0xa28
  .text            ro code        0x3c0   0x4e0  sysctl.o [3]
  .text            ro code        0x8a0   0x178  fsm_event.o [1]
  .text            ro code        0xa18   0x154  driverleds.o [1]
  .text            ro code        0xb6c    0x28  systick.o [3]
  .text            ro code        0xb94   0x148  gpio.o [3]
  .text            ro code        0xcdc    0x3a  zero_init3.o [4]
  .text            ro code        0xd16     0x2  startup_TM4C1294.o [1]
  .text            ro code        0xd18    0x28  data_init.o [4]
  .iar.init_table  const          0xd40    0x10  - Linker created -
  .text            ro code        0xd50    0x20  system_TM4C1294_TW.o [1]
  .text            ro code        0xd70    0x1e  cmain.o [4]
  .text            ro code        0xd8e     0x4  low_level_init.o [2]
  .text            ro code        0xd92     0x4  exit.o [2]
  .text            ro code        0xd98     0xa  cexit.o [4]
  .text            ro code        0xda4    0x14  exit.o [5]
  .text            ro code        0xdb8    0x1c  cstartup_M.o [4]
  .text            ro code        0xdd4    0x14  startup_TM4C1294.o [1]
  .rodata          const          0xde8     0x0  zero_init3.o [4]
                                - 0xde8   0xa28

"P2", part 1 of 2:                          0x4
  .bss             zero     0x2000'0000     0x1  fsm_event.o [1]
  .bss             zero     0x2000'0001     0x1  fsm_event.o [1]
                          - 0x2000'0002     0x2

"P2", part 2 of 2:                       0x8004
  .noinit          uninit   0x2000'0004     0x4  system_TM4C1294_TW.o [1]
  CSTACK                    0x2000'0008  0x8000  <Block>
    CSTACK         uninit   0x2000'0008  0x8000  <Block tail>
                          - 0x2000'8008  0x8004

Unused ranges:

         From           To      Size
         ----           --      ----
        0xde8     0xf'ffff  0xf'f218
  0x2000'8008  0x2003'ffff  0x3'7ff8


*******************************************************************************
*** INIT TABLE
***

          Address      Size
          -------      ----
Zero (__iar_zero_init3)
    1 destination range, total size 0x2:
          0x2000'0000   0x2



*******************************************************************************
*** MODULE SUMMARY
***

    Module                ro code  ro data  rw data
    ------                -------  -------  -------
command line/config:
    -----------------------------------------------
    Total:

C:\Sis_embarcados\Projects\fsm_event\Debug\Obj: [1]
    driverleds.o              340
    fsm_event.o               376                 2
    startup_TM4C1294.o        982
    system_TM4C1294_TW.o       32                 4
    -----------------------------------------------
    Total:                  1'730                 6

dl7M_tln.a: [2]
    exit.o                      4
    low_level_init.o            4
    -----------------------------------------------
    Total:                      8

driverlib.a: [3]
    gpio.o                    328
    sysctl.o                1'248
    systick.o                  40
    -----------------------------------------------
    Total:                  1'616

rt7M_tl.a: [4]
    cexit.o                    10
    cmain.o                    30
    cstartup_M.o               28
    data_init.o                40
    zero_init3.o               58
    -----------------------------------------------
    Total:                    166

shb_l.a: [5]
    exit.o                     20
    -----------------------------------------------
    Total:                     20

    Gaps                        4
    Linker created                      16   32'768
---------------------------------------------------
    Grand Total:            3'544       16   32'774


*******************************************************************************
*** ENTRY LIST
***

Entry                       Address   Size  Type      Object
-----                       -------   ----  ----      ------
.iar.init_table$$Base         0xd40          --   Gb  - Linker created -
.iar.init_table$$Limit        0xd50          --   Gb  - Linker created -
?main                         0xd71         Code  Gb  cmain.o [4]
CSTACK$$Base            0x2000'0008          --   Gb  - Linker created -
CSTACK$$Limit           0x2000'8008          --   Gb  - Linker created -
Evento                  0x2000'0000    0x1  Data  Gb  fsm_event.o [1]
GPIODirModeSet                0xb95   0x28  Code  Gb  gpio.o [3]
GPIOPadConfigSet              0xbbd   0xfe  Code  Gb  gpio.o [3]
GPIOPinTypeGPIOOutput         0xcc1    0xa  Code  Gb  gpio.o [3]
GPIOPinWrite                  0xcbb    0x6  Code  Gb  gpio.o [3]
LEDInit                       0xa19   0xc6  Code  Gb  driverleds.o [1]
LEDOff                        0xb1d   0x3e  Code  Gb  driverleds.o [1]
LEDOn                         0xadf   0x3e  Code  Gb  driverleds.o [1]
Region$$Table$$Base           0xd40          --   Gb  - Linker created -
Region$$Table$$Limit          0xd50          --   Gb  - Linker created -
SysCtlClockFreqSet            0x41d  0x204  Code  Gb  sysctl.o [3]
SysCtlPeripheralEnable        0x401    0x8  Code  Gb  sysctl.o [3]
SysCtlPeripheralReady         0x3e1    0x8  Code  Gb  sysctl.o [3]
SysTickEnable                 0xb6d    0xc  Code  Gb  systick.o [3]
SysTickIntEnable              0xb79    0xc  Code  Gb  systick.o [3]
SysTickPeriodSet              0xb85    0x8  Code  Gb  systick.o [3]
SysTick_Handler               0x8a1    0x8  Code  Gb  fsm_event.o [1]
SystemCoreClock         0x2000'0004    0x4  Data  Gb  system_TM4C1294_TW.o [1]
SystemInit                    0xd51   0x10  Code  Gb  system_TM4C1294_TW.o [1]
_SysCtlMemTimingGet           0x3c1   0x20  Code  Lc  sysctl.o [3]
__Vectors                       0x0          --   Gb  startup_TM4C1294.o [1]
__Vectors_End                 0x3c0         Data  Gb  startup_TM4C1294.o [1]
__Vectors_Size {Abs}          0x3c0          --   Gb  startup_TM4C1294.o [1]
__cmain                       0xd71         Code  Gb  cmain.o [4]
__exit                        0xda5   0x14  Code  Gb  exit.o [5]
__iar_data_init3              0xd19   0x28  Code  Gb  data_init.o [4]
__iar_init_vfp                0xddd         Code  Wk  startup_TM4C1294.o [1]
__iar_program_start           0xdb9         Code  Gb  cstartup_M.o [4]
__iar_zero_init3              0xcdd   0x3a  Code  Gb  zero_init3.o [4]
__low_level_init              0xd8f    0x4  Code  Gb  low_level_init.o [2]
__vector_table                  0x0         Data  Gb  startup_TM4C1294.o [1]
__vector_table_0x1c            0x1c         Data  Gb  startup_TM4C1294.o [1]
_call_main                    0xd7d         Code  Gb  cmain.o [4]
_exit                         0xd99         Code  Gb  cexit.o [4]
_main                         0xd87         Code  Gb  cmain.o [4]
exit                          0xd93    0x4  Code  Gb  exit.o [2]
g_pppui32XTALtoVCO            0x6b8  0x1b0  Data  Lc  sysctl.o [3]
g_pui32VCOFrequencies         0x898    0x8  Data  Lc  sysctl.o [3]
g_pui32Xtals                  0x64c   0x6c  Data  Lc  sysctl.o [3]
g_sXTALtoMEMTIM               0x868   0x30  Data  Lc  sysctl.o [3]
main                          0x8a9  0x162  Code  Gb  fsm_event.o [1]
main::Estado            0x2000'0001    0x1  Data  Lc  fsm_event.o [1]


[1] = C:\Sis_embarcados\Projects\fsm_event\Debug\Obj
[2] = dl7M_tln.a
[3] = driverlib.a
[4] = rt7M_tl.a
[5] = shb_l.a

   3'544 bytes of readonly  code memory
      16 bytes of readonly  data memory
  32'774 bytes of readwrite data memory

Errors: none
Warnings: 1
